// Jest Snapshot v1, https://goo.gl/fbAQLP

exports[`SearchResults renders correctly 1`] = `
<DocumentFragment>
  <div
    class="search-results"
  >
    <img
      alt="spaceImage"
      class="card-image"
      src="test-url-1"
    />
    <img
      alt="spaceImage"
      class="card-image"
      src="test-url-2"
    />
    <img
      alt="spaceImage"
      class="card-image"
      src="test-url-3"
    />
  </div>
</DocumentFragment>
`;
